[     867ms] [INFO] exp_bucket cookie is not set or has an invalid value. DTNR observability will not be initialized. @ https://pop3.fandom.com/__cb8552470773422251/resources-ucp/mw143/dist/scripts/dtnr-observability.js:0
[    1028ms] [LOG] [Audigent/158] Segment Service > Cache Miss @ https://seg.ad.gt/api/v1/s/158:31
[    1076ms] [WARNING] [GPT] PubAdsService.setTargeting is deprecated, use googletag.setConfig({targeting: ...}) instead.
https://goo.gle/gpt-message#170 @ https://securepubads.g.doubleclick.net/pagead/managed/js/gpt/m202606090101/pubads_impl.js:18
[    1109ms] [WARNING] [GPT] Slot.clearTargeting is deprecated, use Slot.setConfig({targeting: ...}) instead.
https://goo.gle/gpt-message#171 @ https://securepubads.g.doubleclick.net/pagead/managed/js/gpt/m202606090101/pubads_impl.js:18
[    2230ms] [WARNING] This page is using the deprecated ResourceLoader module "skin.fandomdesktop.styles".
[1.43] The use of the `interface-message-box` feature with SkinModule is deprecated in favor of CodexModule. Please remove this feature.More information can be found at [[mw:Manual:ResourceLoaderSkinModule]].  @ https://pop3.fandom.com/wiki/Tweaking_guide:3077
[    2373ms] [WARNING] This page is using the deprecated ResourceLoader module "mediawiki.Uri".
[1.43] Please use browser native URL. See https://www.mediawiki.org/wiki/Migrating_mw.Uri_to_URL @ https://pop3.fandom.com/load.php?cb=20250820234620&lang=en&modules=startup&only=scripts&raw=1&skin=fandomdesktop:0
[    2655ms] [ERROR] Failed to load resource: the server responded with a status of 404 () @ https://pop3.fandom.com/wiki/JWPlayer.js:0
[    2656ms] [LOG] PLSUB init called 17813073132409660 @ https://cdn-gl.imrworldwide.com/novms/js/2/nlsSDK600.bundle.min.js:5
[    2953ms] undefined
[    2955ms] [WARNING] [GPT] Using deprecated googletag.encryptedSignalProviders. Please use googletag.secureSignalProviders instead.
https://goo.gle/gpt-message#155 @ https://securepubads.g.doubleclick.net/pagead/managed/js/gpt/m202606090101/pubads_impl.js:18
[    2956ms] [WARNING] Google Deploy of the SharedId library has been deprecated. Please select another option in the GAM UI. If you use Prebid, we suggest the Prebid.js UserId option. If you do not, you may configure GAM to allow Google to share a first party user identifier with OB and AB participants, which is either the publisherProvidedId or the __gads value when that is missing. @ https://cdn.jsdelivr.net/gh/prebid/shared-id/pubcid.js/docs/pubcid.min.js:0
[    2960ms] [WARNING] [GPT] Using deprecated googletag.encryptedSignalProviders. Please use googletag.secureSignalProviders instead.
https://goo.gle/gpt-message#155 @ https://securepubads.g.doubleclick.net/pagead/managed/js/gpt/m202606090101/pubads_impl.js:18
[    2985ms] [WARNING] [Audigent] cannot find __gpp framework @ https://a.ad.gt/api/v1/u/matches/158:0
[    2986ms] [WARNING] [GPT] Using deprecated googletag.encryptedSignalProviders. Please use googletag.secureSignalProviders instead.
https://goo.gle/gpt-message#155 @ https://securepubads.g.doubleclick.net/pagead/managed/js/gpt/m202606090101/pubads_impl.js:18
[    2995ms] [ERROR] Slots missing from googletag: [mid_boxad] @ https://script.wikia.nocookie.net/fandom-ae-assets/odyssey/ad-engine/production/main.js:0
[    3140ms] Error: Invariant failed: Slot mid_boxad not found
    at P (https://script.wikia.nocookie.net/fandom-ae-assets/odyssey/ad-engine/production/main.js:1:30395)
    at Mr.setSlotTargeting (https://script.wikia.nocookie.net/fandom-ae-assets/odyssey/ad-engine/production/main.js:1:45154)
    at sr.setTargeting (https://script.wikia.nocookie.net/fandom-ae-assets/odyssey/ad-engine/production/main.js:1:25957)
    at sr.setAuctionDynamicsEndMetrics (https://script.wikia.nocookie.net/fandom-ae-assets/odyssey/ad-engine/production/main.js:1:28929)
    at Fr.render (https://script.wikia.nocookie.net/fandom-ae-assets/odyssey/ad-engine/production/main.js:1:51790)
    at async Fr.requestRender (https://script.wikia.nocookie.net/fandom-ae-assets/odyssey/ad-engine/production/main.js:1:51191)
[    3001ms] [INFO] [REFRESH PATCH] pubads.refresh patched @ https://static.anonymised.io/light/loader.js?ref=aps&d=pop3.fandom.com:6
[    3163ms] [ERROR] Failed to load resource: the server responded with a status of 404 () @ https://services.fandom.com/galactus-user-profile/profiles/SFh0QtK_7A:0
[    3167ms] [WARNING] [Audigent] script has already been initialised. Skip further execution @ https://a.ad.gt/api/v1/u/matches/158?_it=0:0
[    3299ms] [LOG] -- src url https://cdn.doubleverify.com/dvtp_src.js#dvp_scripthash=1&t2te=0&seltag=1&adsrv=104&cmp=DV993185&ctx=28150781&sadv=5056868841&ord=4056259426&litm=7294036936&scrt=138561776815&splc=/5441/wka1b.PF/floor_adhesion/desktop/ucp_desktop-fandom-wv-article/_not_a_top1k_wiki-gaming&adu=23309039888&unit=9x9&dvp_qtpid=&dvp_qtsid=&btreg=7294036936138561776815&btadsrv=7294036936138561776815 @ https://pop3.fandom.com/wiki/Tweaking_guide:21
[    3317ms] [LOG] -- src url https://cdn.doubleverify.com/dvtp_src.js#dvp_scripthash=1&t2te=0&seltag=1&adsrv=104&cmp=DV993185&ctx=28150781&sadv=5056868841&ord=4056259426&litm=7294036936&scrt=138561776812&splc=/5441/wka1b.MR/top_boxad/desktop/ucp_desktop-fandom-wv-article/_not_a_top1k_wiki-gaming&adu=22453073848&unit=5x5&dvp_qtpid=&dvp_qtsid=&btreg=7294036936138561776812&btadsrv=7294036936138561776812 @ https://pop3.fandom.com/wiki/Tweaking_guide:21
[    3437ms] [INFO] [REFRESH PATCH] Injecting targeting {key: AnonymisedSignalLift, value: 0} @ https://static.anonymised.io/light/loader.js?ref=aps&d=pop3.fandom.com:6
[    3471ms] [ERROR] %cPathfinder | 3.4684s | RulesEngine/Insert: Could not find an element to attach color: #fff;padding: 2px 4px;border-radius: 2px;background-color: #800 {internalState: Object, name: sponsored-widgets-sponsored-sitewide-logo-consumption-module-desktop, type: SponsoredWidgetsSponsoredSitewideLogoConsumptionModule, insertConfig: Object, config: Object} @ https://static.wikia.nocookie.net/silversurfer/prod/latest/pathfinder.js:0
[    3471ms] [LOG] %cPathfinder | 3.4684s | Rendered modules color: #fff;padding: 2px 4px;border-radius: 2px;background-color: #334 [marketing-notifications, sponsored-widgets-sponsored-logo-with-flyout-consumption-module, sponsored-widgets-sponsored-sitewide-logo-consumption-module-desktop] @ https://static.wikia.nocookie.net/silversurfer/prod/latest/pathfinder.js:0
[    3476ms] [LOG] PHQ=false @ https://static.wikia.nocookie.net/silversurfer/prod/latest/pathfinder.js:0
[    3602ms] [LOG] -- src url https://cdn.doubleverify.com/dvtp_src.js#dvp_scripthash=1&t2te=0&seltag=1&adsrv=104&cmp=DV993185&ctx=28150781&sadv=5056868841&ord=4056259426&litm=7294036936&scrt=138561776830&splc=/5441/wka1b.HiVi/incontent_boxad/desktop/ucp_desktop-fandom-wv-article/_not_a_top1k_wiki-gaming&adu=23307937674&unit=7x7&dvp_qtpid=&dvp_qtsid=&btreg=7294036936138561776830&btadsrv=7294036936138561776830 @ :21
[    4680ms] [ERROR] Failed to load resource: the server responded with a status of 403 () @ https://c1.adform.net/serving/cookie/match?party=1276:0
[    4685ms] [ERROR] Failed to load resource: the server responded with a status of 404 (Not Found) @ https://b1sync.zemanta.com/usersync/ogury/?gdpr=0&gdpr_consent=&cb=https%3A%2F%2Fms-cookie-sync.presage.io%2Fuser-sync%3Foutbrain_id%3D__ZUID__:0
[    4739ms] [ERROR] Attestation check for Shared Storage on https://www.googleadservices.com failed. @ https://www.googleadservices.com/pagead/managed/js/activeview/current/reach_worklet.html:0
[    4744ms] [ERROR] Attestation check for Shared Storage on https://www.googleadservices.com failed. @ https://www.googleadservices.com/pagead/managed/js/activeview/current/reach_worklet.html:0
[    4746ms] [ERROR] Attestation check for Shared Storage on https://www.googleadservices.com failed. @ https://www.googleadservices.com/pagead/managed/js/activeview/current/reach_worklet.html:0
[    4747ms] [ERROR] Attestation check for Shared Storage on https://www.googleadservices.com failed. @ https://www.googleadservices.com/pagead/managed/js/activeview/current/reach_worklet.html:0
[    4776ms] [ERROR] Failed to load resource: the server responded with a status of 417 (Expectation Failed) @ https://t.adx.opera.com/pub/sync?pubid=pub11511909236288:0
[    4814ms] [LOG] Starting 3pc test @ https://static.anonm.io/light/check3pc.html:10
[    4816ms] [ERROR] Attestation check for Shared Storage on https://www.googleadservices.com failed. @ https://www.googleadservices.com/pagead/managed/js/activeview/current/reach_worklet.html:0
[    4817ms] [ERROR] Attestation check for Shared Storage on https://www.googleadservices.com failed. @ https://www.googleadservices.com/pagead/managed/js/activeview/current/reach_worklet.html:0
[    4819ms] [ERROR] Failed to load resource: net::ERR_CERT_COMMON_NAME_INVALID @ https://fran.frvr.com/api/v1/usync?bidder=inmobi&gdpr=0&gdpr_consent=&us_privacy=&f=i&uid=ID5-1-34c7c9ad-22be-43be-b1fe-b2e39d9dd8cc:0
[    4881ms] [LOG] 3PC enabled: true @ https://static.anonm.io/light/check3pc.html:33
[    4882ms] [LOG] Storage API: cookie access granted @ https://static.anonm.io/light/check3pc.html:16
[    5269ms] [ERROR] Failed to load resource: the server responded with a status of 403 () @ https://script.crazyegg.com/pages/remote-host.html?common=https%3A%2F%2Fscript.crazyegg.com%2Fpages%2Fversioned%2Fcommon-scripts%2Fd892378aebb6dbc4da99df634f69dd11.js&thirdparty=https%3A%2F%2Fscript.crazyegg.com%2Fpages%2Fversioned%2Fthirdparty-scripts%2F6fe5101ffa32e66e4debad675c8eea66.js&remote=https%3A%2F%2Fscript.crazyegg.com%2Fpages%2Fversioned%2Fremote-scripts%2F81d1701dbc9e7f7bf421387273c9c389.js:0
[    5151ms] [ERROR] Refused to display 'https://evt.undertone.com/' in a frame because it set 'X-Frame-Options' to 'deny'. @ chrome-error://chromewebdata/:0
[    5309ms] [TIMEEND] a: 0.001953125 ms @ https://static.adsafeprotected.com/sca.17.6.4.js:31
[    6291ms] [LOG] AnonRetargeting: found 0 segment definitions for current page @ https://cdn1.anonymised.io/light/retargeting.js?v=1.8.61:0
[    6358ms] [ERROR] Failed to load resource: net::ERR_TOO_MANY_REDIRECTS @ https://rtb.adstanding.com/ssp/bidswitch/cookie?bidswitch_ssp_id=videoheroes&bidswitch_custom_parameter=861f8554-6a64-4af7-90ee-59c5616570cd:0
[    8176ms] [ERROR] Failed to load resource: net::ERR_NAME_NOT_RESOLVED @ https://cs.lkqd.net/cs?partnerId=109&partnerUserId=33df0b10e3&gdpr=0&gdpr_consent=:0
[    4685ms] [ERROR] Failed to load resource: the server responded with a status of 404 (Not Found) @ https://b1sync.zemanta.com/usersync/ogury/?gdpr=0&gdpr_consent=&cb=https%3A%2F%2Fms-cookie-sync.presage.io%2Fuser-sync%3Foutbrain_id%3D__ZUID__:0
[    9135ms] [ERROR] Failed to load resource: the server responded with a status of 404 (Not Found) @ https://csync.copper6.com/3ccb4268afab0c2b1373a8a8fdc5011f.gif?coppa=%5BCOPPA%5D&gdpr=0&gdpr_consent=%5BGDPR_CONSENT%5D&gpp=%5BGPP%5D&gpp_sid=%5BGPP_SID%5D&redir=https%3A%2F%2Fcs.openwebmp.com%2Fcs%3Ffwrd%3D1%26aid%3D40040%26puid%3D%5BUID%5D:0
[    9213ms] [ERROR] Failed to load resource: net::ERR_CERT_COMMON_NAME_INVALID @ https://cs.openwebmedia.org/cs?aid=40017&id=RX-dddd697b-7452-48e6-a9ea-2bbb4b82f293-005:0
[    9242ms] [ERROR] Failed to load resource: the server responded with a status of 400 (Bad Request) @ https://cpm.vistarsagency.com/user-sync?zone=344671&t=image&r=https://image2.pubmatic.com/AdServer/Pug?vcode=bz0yJnR5cGU9MSZjb2RlPTQxNTcmdGw9MTI5NjAw&piggybackCookie={UID}&gdpr=0&gdpr_consent=&us_privacy=1YNN&gpp=&gpp_sid=&ccpa=[CCPA]:0
[    9242ms] [ERROR] Failed to load resource: the server responded with a status of 400 (Bad Request) @ https://cpm.vistarsagency.com/user-sync?zone=344671&t=image&r=https://image2.pubmatic.com/AdServer/Pug?vcode=bz0yJnR5cGU9MSZjb2RlPTQxNTcmdGw9MTI5NjAw&piggybackCookie={UID}&gdpr=0&gdpr_consent=&us_privacy=1YNN&gpp=&gpp_sid=&ccpa=[CCPA]:0
[    9245ms] [ERROR] Failed to load resource: the server responded with a status of 400 (Bad Request) @ https://cpm.vistarsagency.com/user-sync?zone=354281%20&t=image&r=https://image2.pubmatic.com/AdServer/Pug?vcode=bz0yJnR5cGU9MSZjb2RlPTQxNTcmdGw9MTI5NjAw&piggybackCookie={UID}&gdpr=0&gdpr_consent=&us_privacy=1YNN&gpp=&gpp_sid=&ccpa=[CCPA]:0
[    9267ms] [ERROR] Failed to load resource: net::ERR_NAME_NOT_RESOLVED @ https://cs.iqzone.com/570908b7e92df631fee32098aa272f7b.gif?puid=EyobSmosl7ZPCwVxCa%2FG0g%3D%3D&gdpr=&gdpr_consent=&ccpa=&coppa=&redir=https%3A%2F%2Fssc-cms.33across.com%2Fps%2F%3Fxi%3D145%26ts%3D1781307319686.6%26us_privacy%3D%26xu%3D%5BUID%5D%26gpp_sid%3D%26gpp%3D:0
[    9267ms] [ERROR] Failed to load resource: net::ERR_NAME_NOT_RESOLVED @ https://cs.iqzone.com/570908b7e92df631fee32098aa272f7b.gif?puid=EyobSmosl7ZPCwVxCa%2FG0g%3D%3D&gdpr=&gdpr_consent=&ccpa=&coppa=&redir=https%3A%2F%2Fssc-cms.33across.com%2Fps%2F%3Fxi%3D145%26ts%3D1781307319702.6%26us_privacy%3D%26xu%3D%5BUID%5D%26gpp_sid%3D%26gpp%3D:0
[    9267ms] [ERROR] Failed to load resource: net::ERR_NAME_NOT_RESOLVED @ https://cs.iqzone.com/570908b7e92df631fee32098aa272f7b.gif?puid=EyobSmosl7ZPCwVxCa%2FG0g%3D%3D&gdpr=&gdpr_consent=&ccpa=&coppa=&redir=https%3A%2F%2Fssc-cms.33across.com%2Fps%2F%3Fxi%3D145%26ts%3D1781307319686.6%26us_privacy%3D%26xu%3D%5BUID%5D%26gpp_sid%3D%26gpp%3D:0
[    9267ms] [ERROR] Failed to load resource: net::ERR_NAME_NOT_RESOLVED @ https://cs.iqzone.com/570908b7e92df631fee32098aa272f7b.gif?puid=EyobSmosl7ZPCwVxCa%2FG0g%3D%3D&gdpr=&gdpr_consent=&ccpa=&coppa=&redir=https%3A%2F%2Fssc-cms.33across.com%2Fps%2F%3Fxi%3D145%26ts%3D1781307319702.6%26us_privacy%3D%26xu%3D%5BUID%5D%26gpp_sid%3D%26gpp%3D:0
[    9433ms] [ERROR] Failed to load resource: net::ERR_NAME_NOT_RESOLVED @ https://cs.iqzone.com/570908b7e92df631fee32098aa272f7b.gif?puid=EyobSmosl7ZPCwVxCa%2FG0g%3D%3D&gdpr=&gdpr_consent=&ccpa=&coppa=&redir=https%3A%2F%2Fssc-cms.33across.com%2Fps%2F%3Fxi%3D145%26ts%3D1781307319903.6%26us_privacy%3D%26xu%3D%5BUID%5D%26gpp_sid%3D%26gpp%3D:0
[    9566ms] [ERROR] Failed to load resource: net::ERR_TOO_MANY_REDIRECTS @ https://partners.tremorhub.com/sync?UIIQ=be053f58-b1a3-4a75-a76e-6a1ded083208:0
[    9778ms] [WARNING] The resource https://services.fandom.com/icbm/api/config?app=fandomnoads&compact=true was preloaded using link preload but not used within a few seconds from the window's load event. Please make sure it has an appropriate `as` value and it is preloaded intentionally. @ https://pop3.fandom.com/wiki/Tweaking_guide:0
[    4685ms] [ERROR] Failed to load resource: the server responded with a status of 404 (Not Found) @ https://b1sync.zemanta.com/usersync/ogury/?gdpr=0&gdpr_consent=&cb=https%3A%2F%2Fms-cookie-sync.presage.io%2Fuser-sync%3Foutbrain_id%3D__ZUID__:0
[   16277ms] [ERROR] %cSilverSurfer | 16.2734s | Cross domain timeout background-color: silver;;padding: 2px 4px;border-radius: 2px;color: #300 @ https://static.wikia.nocookie.net/silversurfer/prod/latest/sdk.js:0
