[     441ms] [INFO] exp_bucket cookie is not set or has an invalid value. DTNR observability will not be initialized. @ https://pop3.fandom.com/__cb8552470773422251/resources-ucp/mw143/dist/scripts/dtnr-observability.js:0
[     561ms] [WARNING] This page is using the deprecated ResourceLoader module "skin.fandomdesktop.styles".
[1.43] The use of the `interface-message-box` feature with SkinModule is deprecated in favor of CodexModule. Please remove this feature.More information can be found at [[mw:Manual:ResourceLoaderSkinModule]].  @ https://pop3.fandom.com/wiki/Tweaks:17234
[     647ms] [LOG] [Audigent/158] Segment Service > Cache Hit @ https://seg.ad.gt/api/v1/s/158:35
[     682ms] [WARNING] [GPT] PubAdsService.setTargeting is deprecated, use googletag.setConfig({targeting: ...}) instead.
https://goo.gle/gpt-message#170 @ https://securepubads.g.doubleclick.net/pagead/managed/js/gpt/m202606090101/pubads_impl.js:18
[     770ms] [WARNING] [GPT] Slot.clearTargeting is deprecated, use Slot.setConfig({targeting: ...}) instead.
https://goo.gle/gpt-message#171 @ https://securepubads.g.doubleclick.net/pagead/managed/js/gpt/m202606090101/pubads_impl.js:18
[    1299ms] [LOG] PLSUB init called 17813073336679220 @ https://cdn-gl.imrworldwide.com/novms/js/2/nlsSDK600.bundle.min.js:5
[    1304ms] [WARNING] [Audigent] script has already been initialised. Skip further execution @ https://a.ad.gt/api/v1/u/matches/158?_it=0:0
[    1330ms] [WARNING] This page is using the deprecated ResourceLoader module "mediawiki.Uri".
[1.43] Please use browser native URL. See https://www.mediawiki.org/wiki/Migrating_mw.Uri_to_URL @ https://pop3.fandom.com/load.php?cb=20250820234620&lang=en&modules=startup&only=scripts&raw=1&skin=fandomdesktop:0
[    1457ms] [WARNING] [Audigent] cannot find __gpp framework @ https://a.ad.gt/api/v1/u/matches/158:0
[    1500ms] [ERROR] Failed to load resource: the server responded with a status of 404 () @ https://pop3.fandom.com/wiki/JWPlayer.js:0
[    1655ms] [LOG] i18next: languageChanged en @ https://pop3.fandom.com/load.php?lang=en&modules=DeleteCommentModal-XpHlSzJG.js%7Cext.fandom.ArticleComments.panel.js%7Cindex-T1l5t4Jg.js%7Cjquery%7Cjquery.makeCollapsible&skin=fandomdesktop&version=t4gp3:0
[    1655ms] [LOG] i18next: initialized {debug: true, initImmediate: true, ns: Array(1), defaultNS: entity-content, fallbackLng: Array(1)} @ https://pop3.fandom.com/load.php?lang=en&modules=DeleteCommentModal-XpHlSzJG.js%7Cext.fandom.ArticleComments.panel.js%7Cindex-T1l5t4Jg.js%7Cjquery%7Cjquery.makeCollapsible&skin=fandomdesktop&version=t4gp3:0
[    1657ms] [LOG] i18next: languageChanged en @ https://pop3.fandom.com/load.php?lang=en&modules=DeleteCommentModal-XpHlSzJG.js%7Cext.fandom.ArticleComments.panel.js%7Cindex-T1l5t4Jg.js%7Cjquery%7Cjquery.makeCollapsible&skin=fandomdesktop&version=t4gp3:0
[    1657ms] [WARNING] i18next: init: i18next is already initialized. You should call init just once! @ https://pop3.fandom.com/load.php?lang=en&modules=DeleteCommentModal-XpHlSzJG.js%7Cext.fandom.ArticleComments.panel.js%7Cindex-T1l5t4Jg.js%7Cjquery%7Cjquery.makeCollapsible&skin=fandomdesktop&version=t4gp3:0
[    1657ms] [LOG] i18next: initialized {debug: true, initImmediate: true, ns: Array(1), defaultNS: entity-content, fallbackLng: Array(1)} @ https://pop3.fandom.com/load.php?lang=en&modules=DeleteCommentModal-XpHlSzJG.js%7Cext.fandom.ArticleComments.panel.js%7Cindex-T1l5t4Jg.js%7Cjquery%7Cjquery.makeCollapsible&skin=fandomdesktop&version=t4gp3:0
[    1658ms] [LOG] i18next: languageChanged en @ https://pop3.fandom.com/load.php?lang=en&modules=DeleteCommentModal-XpHlSzJG.js%7Cext.fandom.ArticleComments.panel.js%7Cindex-T1l5t4Jg.js%7Cjquery%7Cjquery.makeCollapsible&skin=fandomdesktop&version=t4gp3:0
[    1658ms] [WARNING] i18next: init: i18next is already initialized. You should call init just once! @ https://pop3.fandom.com/load.php?lang=en&modules=DeleteCommentModal-XpHlSzJG.js%7Cext.fandom.ArticleComments.panel.js%7Cindex-T1l5t4Jg.js%7Cjquery%7Cjquery.makeCollapsible&skin=fandomdesktop&version=t4gp3:0
[    1658ms] [LOG] i18next: initialized {debug: true, initImmediate: true, ns: Array(1), defaultNS: entity-content, fallbackLng: Array(1)} @ https://pop3.fandom.com/load.php?lang=en&modules=DeleteCommentModal-XpHlSzJG.js%7Cext.fandom.ArticleComments.panel.js%7Cindex-T1l5t4Jg.js%7Cjquery%7Cjquery.makeCollapsible&skin=fandomdesktop&version=t4gp3:0
[    1659ms] [LOG] i18next: languageChanged en @ https://pop3.fandom.com/load.php?lang=en&modules=DeleteCommentModal-XpHlSzJG.js%7Cext.fandom.ArticleComments.panel.js%7Cindex-T1l5t4Jg.js%7Cjquery%7Cjquery.makeCollapsible&skin=fandomdesktop&version=t4gp3:0
[    1659ms] [WARNING] i18next: init: i18next is already initialized. You should call init just once! @ https://pop3.fandom.com/load.php?lang=en&modules=DeleteCommentModal-XpHlSzJG.js%7Cext.fandom.ArticleComments.panel.js%7Cindex-T1l5t4Jg.js%7Cjquery%7Cjquery.makeCollapsible&skin=fandomdesktop&version=t4gp3:0
[    1659ms] [LOG] i18next: initialized {debug: true, initImmediate: true, ns: Array(1), defaultNS: entity-content, fallbackLng: Array(1)} @ https://pop3.fandom.com/load.php?lang=en&modules=DeleteCommentModal-XpHlSzJG.js%7Cext.fandom.ArticleComments.panel.js%7Cindex-T1l5t4Jg.js%7Cjquery%7Cjquery.makeCollapsible&skin=fandomdesktop&version=t4gp3:0
[    1659ms] [LOG] i18next: languageChanged en @ https://pop3.fandom.com/load.php?lang=en&modules=DeleteCommentModal-XpHlSzJG.js%7Cext.fandom.ArticleComments.panel.js%7Cindex-T1l5t4Jg.js%7Cjquery%7Cjquery.makeCollapsible&skin=fandomdesktop&version=t4gp3:0
[    1659ms] [WARNING] i18next: init: i18next is already initialized. You should call init just once! @ https://pop3.fandom.com/load.php?lang=en&modules=DeleteCommentModal-XpHlSzJG.js%7Cext.fandom.ArticleComments.panel.js%7Cindex-T1l5t4Jg.js%7Cjquery%7Cjquery.makeCollapsible&skin=fandomdesktop&version=t4gp3:0
[    1659ms] [LOG] i18next: initialized {debug: true, initImmediate: true, ns: Array(1), defaultNS: entity-content, fallbackLng: Array(1)} @ https://pop3.fandom.com/load.php?lang=en&modules=DeleteCommentModal-XpHlSzJG.js%7Cext.fandom.ArticleComments.panel.js%7Cindex-T1l5t4Jg.js%7Cjquery%7Cjquery.makeCollapsible&skin=fandomdesktop&version=t4gp3:0
[    1660ms] [LOG] i18next: languageChanged en @ https://pop3.fandom.com/load.php?lang=en&modules=DeleteCommentModal-XpHlSzJG.js%7Cext.fandom.ArticleComments.panel.js%7Cindex-T1l5t4Jg.js%7Cjquery%7Cjquery.makeCollapsible&skin=fandomdesktop&version=t4gp3:0
[    1660ms] [WARNING] i18next: init: i18next is already initialized. You should call init just once! @ https://pop3.fandom.com/load.php?lang=en&modules=DeleteCommentModal-XpHlSzJG.js%7Cext.fandom.ArticleComments.panel.js%7Cindex-T1l5t4Jg.js%7Cjquery%7Cjquery.makeCollapsible&skin=fandomdesktop&version=t4gp3:0
[    1660ms] [LOG] i18next: initialized {debug: true, initImmediate: true, ns: Array(1), defaultNS: entity-content, fallbackLng: Array(1)} @ https://pop3.fandom.com/load.php?lang=en&modules=DeleteCommentModal-XpHlSzJG.js%7Cext.fandom.ArticleComments.panel.js%7Cindex-T1l5t4Jg.js%7Cjquery%7Cjquery.makeCollapsible&skin=fandomdesktop&version=t4gp3:0
[    1660ms] [LOG] i18next: languageChanged en @ https://pop3.fandom.com/load.php?lang=en&modules=DeleteCommentModal-XpHlSzJG.js%7Cext.fandom.ArticleComments.panel.js%7Cindex-T1l5t4Jg.js%7Cjquery%7Cjquery.makeCollapsible&skin=fandomdesktop&version=t4gp3:0
[    1661ms] [WARNING] i18next: init: i18next is already initialized. You should call init just once! @ https://pop3.fandom.com/load.php?lang=en&modules=DeleteCommentModal-XpHlSzJG.js%7Cext.fandom.ArticleComments.panel.js%7Cindex-T1l5t4Jg.js%7Cjquery%7Cjquery.makeCollapsible&skin=fandomdesktop&version=t4gp3:0
[    1661ms] [LOG] i18next: initialized {debug: true, initImmediate: true, ns: Array(1), defaultNS: entity-content, fallbackLng: Array(1)} @ https://pop3.fandom.com/load.php?lang=en&modules=DeleteCommentModal-XpHlSzJG.js%7Cext.fandom.ArticleComments.panel.js%7Cindex-T1l5t4Jg.js%7Cjquery%7Cjquery.makeCollapsible&skin=fandomdesktop&version=t4gp3:0
[    1661ms] [LOG] i18next: languageChanged en @ https://pop3.fandom.com/load.php?lang=en&modules=DeleteCommentModal-XpHlSzJG.js%7Cext.fandom.ArticleComments.panel.js%7Cindex-T1l5t4Jg.js%7Cjquery%7Cjquery.makeCollapsible&skin=fandomdesktop&version=t4gp3:0
[    1661ms] [WARNING] i18next: init: i18next is already initialized. You should call init just once! @ https://pop3.fandom.com/load.php?lang=en&modules=DeleteCommentModal-XpHlSzJG.js%7Cext.fandom.ArticleComments.panel.js%7Cindex-T1l5t4Jg.js%7Cjquery%7Cjquery.makeCollapsible&skin=fandomdesktop&version=t4gp3:0
[    1661ms] [LOG] i18next: initialized {debug: true, initImmediate: true, ns: Array(1), defaultNS: entity-content, fallbackLng: Array(1)} @ https://pop3.fandom.com/load.php?lang=en&modules=DeleteCommentModal-XpHlSzJG.js%7Cext.fandom.ArticleComments.panel.js%7Cindex-T1l5t4Jg.js%7Cjquery%7Cjquery.makeCollapsible&skin=fandomdesktop&version=t4gp3:0
[    1661ms] [LOG] i18next: languageChanged en @ https://pop3.fandom.com/load.php?lang=en&modules=DeleteCommentModal-XpHlSzJG.js%7Cext.fandom.ArticleComments.panel.js%7Cindex-T1l5t4Jg.js%7Cjquery%7Cjquery.makeCollapsible&skin=fandomdesktop&version=t4gp3:0
[    1662ms] [WARNING] i18next: init: i18next is already initialized. You should call init just once! @ https://pop3.fandom.com/load.php?lang=en&modules=DeleteCommentModal-XpHlSzJG.js%7Cext.fandom.ArticleComments.panel.js%7Cindex-T1l5t4Jg.js%7Cjquery%7Cjquery.makeCollapsible&skin=fandomdesktop&version=t4gp3:0
[    1662ms] [LOG] i18next: initialized {debug: true, initImmediate: true, ns: Array(1), defaultNS: entity-content, fallbackLng: Array(1)} @ https://pop3.fandom.com/load.php?lang=en&modules=DeleteCommentModal-XpHlSzJG.js%7Cext.fandom.ArticleComments.panel.js%7Cindex-T1l5t4Jg.js%7Cjquery%7Cjquery.makeCollapsible&skin=fandomdesktop&version=t4gp3:0
[    1662ms] [LOG] i18next: languageChanged en @ https://pop3.fandom.com/load.php?lang=en&modules=DeleteCommentModal-XpHlSzJG.js%7Cext.fandom.ArticleComments.panel.js%7Cindex-T1l5t4Jg.js%7Cjquery%7Cjquery.makeCollapsible&skin=fandomdesktop&version=t4gp3:0
[    1662ms] [WARNING] i18next: init: i18next is already initialized. You should call init just once! @ https://pop3.fandom.com/load.php?lang=en&modules=DeleteCommentModal-XpHlSzJG.js%7Cext.fandom.ArticleComments.panel.js%7Cindex-T1l5t4Jg.js%7Cjquery%7Cjquery.makeCollapsible&skin=fandomdesktop&version=t4gp3:0
[    1662ms] [LOG] i18next: initialized {debug: true, initImmediate: true, ns: Array(1), defaultNS: entity-content, fallbackLng: Array(1)} @ https://pop3.fandom.com/load.php?lang=en&modules=DeleteCommentModal-XpHlSzJG.js%7Cext.fandom.ArticleComments.panel.js%7Cindex-T1l5t4Jg.js%7Cjquery%7Cjquery.makeCollapsible&skin=fandomdesktop&version=t4gp3:0
[    1663ms] [LOG] i18next: languageChanged en @ https://pop3.fandom.com/load.php?lang=en&modules=DeleteCommentModal-XpHlSzJG.js%7Cext.fandom.ArticleComments.panel.js%7Cindex-T1l5t4Jg.js%7Cjquery%7Cjquery.makeCollapsible&skin=fandomdesktop&version=t4gp3:0
[    1663ms] [WARNING] i18next: init: i18next is already initialized. You should call init just once! @ https://pop3.fandom.com/load.php?lang=en&modules=DeleteCommentModal-XpHlSzJG.js%7Cext.fandom.ArticleComments.panel.js%7Cindex-T1l5t4Jg.js%7Cjquery%7Cjquery.makeCollapsible&skin=fandomdesktop&version=t4gp3:0
[    1663ms] [LOG] i18next: initialized {debug: true, initImmediate: true, ns: Array(1), defaultNS: entity-content, fallbackLng: Array(1)} @ https://pop3.fandom.com/load.php?lang=en&modules=DeleteCommentModal-XpHlSzJG.js%7Cext.fandom.ArticleComments.panel.js%7Cindex-T1l5t4Jg.js%7Cjquery%7Cjquery.makeCollapsible&skin=fandomdesktop&version=t4gp3:0
[    1663ms] [LOG] i18next: languageChanged en @ https://pop3.fandom.com/load.php?lang=en&modules=DeleteCommentModal-XpHlSzJG.js%7Cext.fandom.ArticleComments.panel.js%7Cindex-T1l5t4Jg.js%7Cjquery%7Cjquery.makeCollapsible&skin=fandomdesktop&version=t4gp3:0
[    1663ms] [WARNING] i18next: init: i18next is already initialized. You should call init just once! @ https://pop3.fandom.com/load.php?lang=en&modules=DeleteCommentModal-XpHlSzJG.js%7Cext.fandom.ArticleComments.panel.js%7Cindex-T1l5t4Jg.js%7Cjquery%7Cjquery.makeCollapsible&skin=fandomdesktop&version=t4gp3:0
[    1663ms] [LOG] i18next: initialized {debug: true, initImmediate: true, ns: Array(1), defaultNS: entity-content, fallbackLng: Array(1)} @ https://pop3.fandom.com/load.php?lang=en&modules=DeleteCommentModal-XpHlSzJG.js%7Cext.fandom.ArticleComments.panel.js%7Cindex-T1l5t4Jg.js%7Cjquery%7Cjquery.makeCollapsible&skin=fandomdesktop&version=t4gp3:0
[    1664ms] [LOG] i18next: languageChanged en @ https://pop3.fandom.com/load.php?lang=en&modules=DeleteCommentModal-XpHlSzJG.js%7Cext.fandom.ArticleComments.panel.js%7Cindex-T1l5t4Jg.js%7Cjquery%7Cjquery.makeCollapsible&skin=fandomdesktop&version=t4gp3:0
[    1664ms] [WARNING] i18next: init: i18next is already initialized. You should call init just once! @ https://pop3.fandom.com/load.php?lang=en&modules=DeleteCommentModal-XpHlSzJG.js%7Cext.fandom.ArticleComments.panel.js%7Cindex-T1l5t4Jg.js%7Cjquery%7Cjquery.makeCollapsible&skin=fandomdesktop&version=t4gp3:0
[    1664ms] [LOG] i18next: initialized {debug: true, initImmediate: true, ns: Array(1), defaultNS: entity-content, fallbackLng: Array(1)} @ https://pop3.fandom.com/load.php?lang=en&modules=DeleteCommentModal-XpHlSzJG.js%7Cext.fandom.ArticleComments.panel.js%7Cindex-T1l5t4Jg.js%7Cjquery%7Cjquery.makeCollapsible&skin=fandomdesktop&version=t4gp3:0
[    1665ms] [LOG] i18next: languageChanged en @ https://pop3.fandom.com/load.php?lang=en&modules=DeleteCommentModal-XpHlSzJG.js%7Cext.fandom.ArticleComments.panel.js%7Cindex-T1l5t4Jg.js%7Cjquery%7Cjquery.makeCollapsible&skin=fandomdesktop&version=t4gp3:0
[    1665ms] [WARNING] i18next: init: i18next is already initialized. You should call init just once! @ https://pop3.fandom.com/load.php?lang=en&modules=DeleteCommentModal-XpHlSzJG.js%7Cext.fandom.ArticleComments.panel.js%7Cindex-T1l5t4Jg.js%7Cjquery%7Cjquery.makeCollapsible&skin=fandomdesktop&version=t4gp3:0
[    1665ms] [LOG] i18next: initialized {debug: true, initImmediate: true, ns: Array(1), defaultNS: entity-content, fallbackLng: Array(1)} @ https://pop3.fandom.com/load.php?lang=en&modules=DeleteCommentModal-XpHlSzJG.js%7Cext.fandom.ArticleComments.panel.js%7Cindex-T1l5t4Jg.js%7Cjquery%7Cjquery.makeCollapsible&skin=fandomdesktop&version=t4gp3:0
[    1665ms] [LOG] i18next: languageChanged en @ https://pop3.fandom.com/load.php?lang=en&modules=DeleteCommentModal-XpHlSzJG.js%7Cext.fandom.ArticleComments.panel.js%7Cindex-T1l5t4Jg.js%7Cjquery%7Cjquery.makeCollapsible&skin=fandomdesktop&version=t4gp3:0
[    1665ms] [WARNING] i18next: init: i18next is already initialized. You should call init just once! @ https://pop3.fandom.com/load.php?lang=en&modules=DeleteCommentModal-XpHlSzJG.js%7Cext.fandom.ArticleComments.panel.js%7Cindex-T1l5t4Jg.js%7Cjquery%7Cjquery.makeCollapsible&skin=fandomdesktop&version=t4gp3:0
[    1665ms] [LOG] i18next: initialized {debug: true, initImmediate: true, ns: Array(1), defaultNS: entity-content, fallbackLng: Array(1)} @ https://pop3.fandom.com/load.php?lang=en&modules=DeleteCommentModal-XpHlSzJG.js%7Cext.fandom.ArticleComments.panel.js%7Cindex-T1l5t4Jg.js%7Cjquery%7Cjquery.makeCollapsible&skin=fandomdesktop&version=t4gp3:0
[    1665ms] [LOG] i18next: languageChanged en @ https://pop3.fandom.com/load.php?lang=en&modules=DeleteCommentModal-XpHlSzJG.js%7Cext.fandom.ArticleComments.panel.js%7Cindex-T1l5t4Jg.js%7Cjquery%7Cjquery.makeCollapsible&skin=fandomdesktop&version=t4gp3:0
[    1665ms] [WARNING] i18next: init: i18next is already initialized. You should call init just once! @ https://pop3.fandom.com/load.php?lang=en&modules=DeleteCommentModal-XpHlSzJG.js%7Cext.fandom.ArticleComments.panel.js%7Cindex-T1l5t4Jg.js%7Cjquery%7Cjquery.makeCollapsible&skin=fandomdesktop&version=t4gp3:0
[    1666ms] [LOG] i18next: initialized {debug: true, initImmediate: true, ns: Array(1), defaultNS: entity-content, fallbackLng: Array(1)} @ https://pop3.fandom.com/load.php?lang=en&modules=DeleteCommentModal-XpHlSzJG.js%7Cext.fandom.ArticleComments.panel.js%7Cindex-T1l5t4Jg.js%7Cjquery%7Cjquery.makeCollapsible&skin=fandomdesktop&version=t4gp3:0
[    1666ms] [LOG] i18next: languageChanged en @ https://pop3.fandom.com/load.php?lang=en&modules=DeleteCommentModal-XpHlSzJG.js%7Cext.fandom.ArticleComments.panel.js%7Cindex-T1l5t4Jg.js%7Cjquery%7Cjquery.makeCollapsible&skin=fandomdesktop&version=t4gp3:0
[    1666ms] [WARNING] i18next: init: i18next is already initialized. You should call init just once! @ https://pop3.fandom.com/load.php?lang=en&modules=DeleteCommentModal-XpHlSzJG.js%7Cext.fandom.ArticleComments.panel.js%7Cindex-T1l5t4Jg.js%7Cjquery%7Cjquery.makeCollapsible&skin=fandomdesktop&version=t4gp3:0
[    1666ms] [LOG] i18next: initialized {debug: true, initImmediate: true, ns: Array(1), defaultNS: entity-content, fallbackLng: Array(1)} @ https://pop3.fandom.com/load.php?lang=en&modules=DeleteCommentModal-XpHlSzJG.js%7Cext.fandom.ArticleComments.panel.js%7Cindex-T1l5t4Jg.js%7Cjquery%7Cjquery.makeCollapsible&skin=fandomdesktop&version=t4gp3:0
[    1666ms] [LOG] i18next: languageChanged en @ https://pop3.fandom.com/load.php?lang=en&modules=DeleteCommentModal-XpHlSzJG.js%7Cext.fandom.ArticleComments.panel.js%7Cindex-T1l5t4Jg.js%7Cjquery%7Cjquery.makeCollapsible&skin=fandomdesktop&version=t4gp3:0
[    1666ms] [WARNING] i18next: init: i18next is already initialized. You should call init just once! @ https://pop3.fandom.com/load.php?lang=en&modules=DeleteCommentModal-XpHlSzJG.js%7Cext.fandom.ArticleComments.panel.js%7Cindex-T1l5t4Jg.js%7Cjquery%7Cjquery.makeCollapsible&skin=fandomdesktop&version=t4gp3:0
[    1666ms] [LOG] i18next: initialized {debug: true, initImmediate: true, ns: Array(1), defaultNS: entity-content, fallbackLng: Array(1)} @ https://pop3.fandom.com/load.php?lang=en&modules=DeleteCommentModal-XpHlSzJG.js%7Cext.fandom.ArticleComments.panel.js%7Cindex-T1l5t4Jg.js%7Cjquery%7Cjquery.makeCollapsible&skin=fandomdesktop&version=t4gp3:0
[    1667ms] [LOG] i18next: languageChanged en @ https://pop3.fandom.com/load.php?lang=en&modules=DeleteCommentModal-XpHlSzJG.js%7Cext.fandom.ArticleComments.panel.js%7Cindex-T1l5t4Jg.js%7Cjquery%7Cjquery.makeCollapsible&skin=fandomdesktop&version=t4gp3:0
[    1667ms] [WARNING] i18next: init: i18next is already initialized. You should call init just once! @ https://pop3.fandom.com/load.php?lang=en&modules=DeleteCommentModal-XpHlSzJG.js%7Cext.fandom.ArticleComments.panel.js%7Cindex-T1l5t4Jg.js%7Cjquery%7Cjquery.makeCollapsible&skin=fandomdesktop&version=t4gp3:0
[    1667ms] [LOG] i18next: initialized {debug: true, initImmediate: true, ns: Array(1), defaultNS: entity-content, fallbackLng: Array(1)} @ https://pop3.fandom.com/load.php?lang=en&modules=DeleteCommentModal-XpHlSzJG.js%7Cext.fandom.ArticleComments.panel.js%7Cindex-T1l5t4Jg.js%7Cjquery%7Cjquery.makeCollapsible&skin=fandomdesktop&version=t4gp3:0
[    1667ms] [LOG] i18next: languageChanged en @ https://pop3.fandom.com/load.php?lang=en&modules=DeleteCommentModal-XpHlSzJG.js%7Cext.fandom.ArticleComments.panel.js%7Cindex-T1l5t4Jg.js%7Cjquery%7Cjquery.makeCollapsible&skin=fandomdesktop&version=t4gp3:0
[    1667ms] [WARNING] i18next: init: i18next is already initialized. You should call init just once! @ https://pop3.fandom.com/load.php?lang=en&modules=DeleteCommentModal-XpHlSzJG.js%7Cext.fandom.ArticleComments.panel.js%7Cindex-T1l5t4Jg.js%7Cjquery%7Cjquery.makeCollapsible&skin=fandomdesktop&version=t4gp3:0
[    1668ms] [LOG] i18next: initialized {debug: true, initImmediate: true, ns: Array(1), defaultNS: entity-content, fallbackLng: Array(1)} @ https://pop3.fandom.com/load.php?lang=en&modules=DeleteCommentModal-XpHlSzJG.js%7Cext.fandom.ArticleComments.panel.js%7Cindex-T1l5t4Jg.js%7Cjquery%7Cjquery.makeCollapsible&skin=fandomdesktop&version=t4gp3:0
[    1690ms] [ERROR] Failed to load resource: the server responded with a status of 404 () @ https://services.fandom.com/galactus-user-profile/profiles/SFh0QtK_7A:0
[    1856ms] [ERROR] %cPathfinder | 1.8381s | RulesEngine/Insert: Could not find an element to attach color: #fff;padding: 2px 4px;border-radius: 2px;background-color: #800 {internalState: Object, name: sponsored-widgets-sponsored-sitewide-logo-consumption-module-desktop, type: SponsoredWidgetsSponsoredSitewideLogoConsumptionModule, insertConfig: Object, config: Object} @ https://static.wikia.nocookie.net/silversurfer/prod/latest/pathfinder.js:0
[    1856ms] [LOG] %cPathfinder | 1.8381s | Rendered modules color: #fff;padding: 2px 4px;border-radius: 2px;background-color: #334 [marketing-notifications, sponsored-widgets-sponsored-logo-with-flyout-consumption-module, sponsored-widgets-sponsored-sitewide-logo-consumption-module-desktop] @ https://static.wikia.nocookie.net/silversurfer/prod/latest/pathfinder.js:0
[    1866ms] [LOG] PHQ=false @ https://static.wikia.nocookie.net/silversurfer/prod/latest/pathfinder.js:0
[    1879ms] [ERROR] Attestation check for Shared Storage on https://www.googleadservices.com failed. @ https://www.googleadservices.com/pagead/managed/js/activeview/current/reach_worklet.html:0
[    1879ms] [ERROR] Attestation check for Shared Storage on https://www.googleadservices.com failed. @ https://www.googleadservices.com/pagead/managed/js/activeview/current/reach_worklet.html:0
[    1879ms] [ERROR] Attestation check for Shared Storage on https://www.googleadservices.com failed. @ https://www.googleadservices.com/pagead/managed/js/activeview/current/reach_worklet.html:0
[    1879ms] [ERROR] Attestation check for Shared Storage on https://www.googleadservices.com failed. @ https://www.googleadservices.com/pagead/managed/js/activeview/current/reach_worklet.html:0
[    2046ms] [ERROR] Attestation check for Shared Storage on https://www.googleadservices.com failed. @ https://www.googleadservices.com/pagead/managed/js/activeview/current/reach_worklet.html:0
[    2047ms] [ERROR] Attestation check for Shared Storage on https://www.googleadservices.com failed. @ https://www.googleadservices.com/pagead/managed/js/activeview/current/reach_worklet.html:0
[    2049ms] [ERROR] Attestation check for Shared Storage on https://www.googleadservices.com failed. @ https://www.googleadservices.com/pagead/managed/js/activeview/current/reach_worklet.html:0
[    9907ms] [WARNING] The resource https://services.fandom.com/icbm/api/config?app=fandomdesktop&compact=true was preloaded using link preload but not used within a few seconds from the window's load event. Please make sure it has an appropriate `as` value and it is preloaded intentionally. @ https://pop3.fandom.com/wiki/Tweaks:0
[    9907ms] [WARNING] The resource https://services.fandom.com/icbm/api/config?app=fandomnoads&compact=true was preloaded using link preload but not used within a few seconds from the window's load event. Please make sure it has an appropriate `as` value and it is preloaded intentionally. @ https://pop3.fandom.com/wiki/Tweaks:0
[   14709ms] [WARNING] The resource https://services.fandom.com/icbm/api/config?app=fandomdesktop&compact=true was preloaded using link preload but not used within a few seconds from the window's load event. Please make sure it has an appropriate `as` value and it is preloaded intentionally. @ https://pop3.fandom.com/wiki/Tweaks:0
[   14709ms] [WARNING] The resource https://services.fandom.com/icbm/api/config?app=fandomnoads&compact=true was preloaded using link preload but not used within a few seconds from the window's load event. Please make sure it has an appropriate `as` value and it is preloaded intentionally. @ https://pop3.fandom.com/wiki/Tweaks:0
[   14815ms] [ERROR] %cSilverSurfer | 14.7961s | Cross domain timeout background-color: silver;;padding: 2px 4px;border-radius: 2px;color: #300 @ https://static.wikia.nocookie.net/silversurfer/prod/latest/sdk.js:0
[   19758ms] [WARNING] The resource https://services.fandom.com/icbm/api/config?app=fandomdesktop&compact=true was preloaded using link preload but not used within a few seconds from the window's load event. Please make sure it has an appropriate `as` value and it is preloaded intentionally. @ https://pop3.fandom.com/wiki/Tweaks:0
[   19758ms] [WARNING] The resource https://services.fandom.com/icbm/api/config?app=fandomnoads&compact=true was preloaded using link preload but not used within a few seconds from the window's load event. Please make sure it has an appropriate `as` value and it is preloaded intentionally. @ https://pop3.fandom.com/wiki/Tweaks:0
[   24813ms] [WARNING] The resource https://services.fandom.com/icbm/api/config?app=fandomdesktop&compact=true was preloaded using link preload but not used within a few seconds from the window's load event. Please make sure it has an appropriate `as` value and it is preloaded intentionally. @ https://pop3.fandom.com/wiki/Tweaks:0
[   24813ms] [WARNING] The resource https://services.fandom.com/icbm/api/config?app=fandomnoads&compact=true was preloaded using link preload but not used within a few seconds from the window's load event. Please make sure it has an appropriate `as` value and it is preloaded intentionally. @ https://pop3.fandom.com/wiki/Tweaks:0
[   26813ms] [LOG] Nielsen Log: Info - Max retry reached for sending sync ping: https://loadus.exelator.com/getid?p=1480&g=1&j=0&asid=P26086A07-C7FB-4124-A679-8AC404198BA7 @ https://cdn-gl.imrworldwide.com/novms/html/ls.html:139
[   34052ms] [WARNING] The resource https://services.fandom.com/icbm/api/config?app=fandomdesktop&compact=true was preloaded using link preload but not used within a few seconds from the window's load event. Please make sure it has an appropriate `as` value and it is preloaded intentionally. @ https://pop3.fandom.com/wiki/Tweaks:0
[   34052ms] [WARNING] The resource https://services.fandom.com/icbm/api/config?app=fandomnoads&compact=true was preloaded using link preload but not used within a few seconds from the window's load event. Please make sure it has an appropriate `as` value and it is preloaded intentionally. @ https://pop3.fandom.com/wiki/Tweaks:0
[   64054ms] [WARNING] The resource https://services.fandom.com/icbm/api/config?app=fandomdesktop&compact=true was preloaded using link preload but not used within a few seconds from the window's load event. Please make sure it has an appropriate `as` value and it is preloaded intentionally. @ https://pop3.fandom.com/wiki/Tweaks:0
[   64054ms] [WARNING] The resource https://services.fandom.com/icbm/api/config?app=fandomnoads&compact=true was preloaded using link preload but not used within a few seconds from the window's load event. Please make sure it has an appropriate `as` value and it is preloaded intentionally. @ https://pop3.fandom.com/wiki/Tweaks:0
[  184137ms] [WARNING] The resource https://services.fandom.com/icbm/api/config?app=fandomdesktop&compact=true was preloaded using link preload but not used within a few seconds from the window's load event. Please make sure it has an appropriate `as` value and it is preloaded intentionally. @ https://pop3.fandom.com/wiki/Tweaks:0
[  184137ms] [WARNING] The resource https://services.fandom.com/icbm/api/config?app=fandomnoads&compact=true was preloaded using link preload but not used within a few seconds from the window's load event. Please make sure it has an appropriate `as` value and it is preloaded intentionally. @ https://pop3.fandom.com/wiki/Tweaks:0
